// Jest Snapshot v1, https://goo.gl/fbAQLP

exports[`htmlVerifier should detect html errors 1`] = `
Array [
  Object {
    "error": true,
    "message": "tests: translation for key 'firstTag' has missing html tag 
  foo <div> foo",
  },
  Object {
    "error": true,
    "message": "tests: translation for key 'firstTag' has double white space with inner html tag 
  foo <div> foo",
  },
  Object {
    "error": true,
    "message": "tests: translation for key 'lastTag' has missing html tag 
  foo </div> foo",
  },
  Object {
    "error": true,
    "message": "tests: translation for key 'lastTag' has double white space with inner html tag 
  foo </div> foo",
  },
  Object {
    "error": true,
    "message": "tests: translation for key 'doubleSpace' has double white space 
  foo  bar",
  },
  Object {
    "error": true,
    "message": "tests: translation for key 'doubleSpaceWithNonBreakingSpace' has double white space 
  foo Â bar",
  },
  Object {
    "error": true,
    "message": "tests: translation for key 'doubleSpaceWithHtmlTag' has double white space with inner html tag 
  foo <foo> bar</foo>",
  },
  Object {
    "error": true,
    "message": "tests: translation for key 'doubleSpaceWithHtmlTagClosing' has double white space with inner html tag 
  <foo>foo </foo> bar",
  },
]
`;
