// Jest Snapshot v1, https://goo.gl/fbAQLP

exports[`i18n.renderProps should provide translate function and inherited props 1`] = `"foo.bar"`;

exports[`i18n.renderProps should rerender on update 1`] = `"foo.bar"`;

exports[`i18n.renderProps should rerender on update 2`] = `"**foo.bar**"`;
