// Jest Snapshot v1, https://goo.gl/fbAQLP

exports[`i18n container should provide translate function and inherited props 1`] = `
<DummyComponent
  foo="bar"
  t={[Function]}
/>
`;
