// Jest Snapshot v1, https://goo.gl/fbAQLP

exports[`i18n.renderProps should return translation string 1`] = `"foo.bar"`;
