// Jest Snapshot v1, https://goo.gl/fbAQLP

exports[`htmlVerifier should detect html errors 1`] = `
Array [
  Object {
    "error": true,
    "message": "has missing html tag",
  },
  Object {
    "error": true,
    "message": "has double white space with inner html tag",
  },
  Object {
    "error": true,
    "message": "has missing html tag",
  },
  Object {
    "error": true,
    "message": "has double white space with inner html tag",
  },
  Object {
    "error": true,
    "message": "has double white space",
  },
  Object {
    "error": true,
    "message": "has double white space",
  },
  Object {
    "error": true,
    "message": "has double white space with inner html tag",
  },
  Object {
    "error": true,
    "message": "has double white space with inner html tag",
  },
]
`;
